[2026-08-04 23:01:52] INFO  [installer] Installing package: D:\sdv-ota-platform\packages\motorecu_v1.1.tar.gz
[2026-08-04 23:01:52] INFO  [installer] Verifying Ed25519 signature
[2026-08-04 23:01:52] INFO  [installer] Verifying SHA-256 checksum
[2026-08-04 23:01:53] INFO  [installer] Verification passed for MotorECU v1.1
[2026-08-04 23:01:53] INFO  [ota] Bootloader stage v1.1
[2026-08-04 23:01:53] INFO  [ota] Bootloader activate v1.1
[2026-08-04 23:01:55] INFO  [ota] Health monitor grace period (32s)
[2026-08-04 23:01:56] INFO  Started in grace period mode (post-activation)
[2026-08-04 23:01:56] INFO  Grace period started — watching ECU for stability
[2026-08-04 23:01:56] INFO  ECU healthy during grace period (0s/32s)
[2026-08-04 23:01:57] INFO  ECU healthy during grace period (1s/32s)
[2026-08-04 23:01:58] INFO  ECU healthy during grace period (2s/32s)
[2026-08-04 23:01:59] INFO  ECU healthy during grace period (3s/32s)
[2026-08-04 23:02:00] INFO  ECU healthy during grace period (4s/32s)
[2026-08-04 23:02:01] INFO  ECU healthy during grace period (5s/32s)
[2026-08-04 23:02:02] INFO  ECU healthy during grace period (6s/32s)
[2026-08-04 23:02:03] INFO  ECU healthy during grace period (7s/32s)
[2026-08-04 23:02:04] INFO  ECU healthy during grace period (8s/32s)
[2026-08-04 23:02:05] INFO  ECU healthy during grace period (9s/32s)
[2026-08-04 23:02:06] INFO  ECU healthy during grace period (10s/32s)
[2026-08-04 23:02:07] INFO  ECU healthy during grace period (11s/32s)
[2026-08-04 23:02:08] INFO  ECU healthy during grace period (12s/32s)
[2026-08-04 23:02:09] INFO  ECU healthy during grace period (13s/32s)
[2026-08-04 23:02:10] INFO  ECU healthy during grace period (14s/32s)
[2026-08-04 23:02:11] INFO  ECU healthy during grace period (15s/32s)
[2026-08-04 23:02:12] INFO  ECU healthy during grace period (16s/32s)
[2026-08-04 23:02:13] INFO  ECU healthy during grace period (17s/32s)
[2026-08-04 23:02:14] INFO  ECU healthy during grace period (18s/32s)
[2026-08-04 23:02:15] INFO  ECU healthy during grace period (19s/32s)
[2026-08-04 23:02:16] INFO  ECU healthy during grace period (20s/32s)
[2026-08-04 23:02:17] INFO  ECU healthy during grace period (21s/32s)
[2026-08-04 23:02:18] INFO  ECU healthy during grace period (22s/32s)
[2026-08-04 23:02:19] INFO  ECU healthy during grace period (23s/32s)
[2026-08-04 23:02:20] INFO  ECU healthy during grace period (24s/32s)
[2026-08-04 23:02:21] INFO  ECU healthy during grace period (25s/32s)
[2026-08-04 23:02:22] INFO  ECU healthy during grace period (26s/32s)
[2026-08-04 23:02:23] INFO  ECU healthy during grace period (27s/32s)
[2026-08-04 23:02:24] INFO  ECU healthy during grace period (28s/32s)
[2026-08-04 23:02:25] INFO  ECU healthy during grace period (29s/32s)
